../Core/Src/main.c:174:1:__io_putchar	16	static
../Core/Src/main.c:182:6:mostrar_menu_principal	16	static
../Core/Src/main.c:192:6:mostrar_config_bjt	8	static
../Core/Src/main.c:209:21:buscar_comando	24	static
../Core/Src/main.c:218:13:analizar_y_ejecutar_comando	32	static
../Core/Src/main.c:234:13:despachar_comando	16	static
../Core/Src/main.c:248:13:manejar_menu	16	static
../Core/Src/main.c:263:13:manejar_config_bjt	32	static
../Core/Src/main.c:336:13:manejar_ejecucion_bjt	16	static
../Core/Src/main.c:344:13:tick_barrido_bjt	72	static
../Core/Src/main.c:410:6:setear_voltaje_base_mv	16	static
../Core/Src/main.c:413:6:setear_voltaje_colector_mv	16	static
../Core/Src/main.c:416:7:leer_voltaje_base_mv	4	static
../Core/Src/main.c:422:7:leer_voltaje_colector_mv	4	static
../Core/Src/main.c:427:7:leer_corriente_colector_ma	4	static
../Core/Src/main.c:440:5:main	16	static
../Core/Src/main.c:601:6:SystemClock_Config	88	static
../Core/Src/main.c:648:13:MX_ADC1_Init	24	static
../Core/Src/main.c:700:13:MX_TIM2_Init	32	static
../Core/Src/main.c:745:13:MX_TIM3_Init	32	static
../Core/Src/main.c:790:13:MX_USART2_UART_Init	8	static
../Core/Src/main.c:823:13:MX_GPIO_Init	48	static
../Core/Src/main.c:921:6:lightNumber	16	static
../Core/Src/main.c:1051:6:HAL_UARTEx_RxEventCallback	16	static
../Core/Src/main.c:1077:6:HAL_TIM_PeriodElapsedCallback	16	static
../Core/Src/main.c:1090:6:HAL_GPIO_EXTI_Callback	16	static
../Core/Src/main.c:1113:6:Error_Handler	4	static,ignoring_inline_asm
